sources:
  "0.3.0":
    url: "https://github.com/TartanLlama/expected/archive/v0.3.tar.gz"
    sha256: "18103ac213b3a7e5740bee754c9a5f96a4cee0ead1f2f7670775efc467b56ac3"